MPLINK 5.09, LINKER
Linker Map File - Created Sun May  5 00:38:29 2019

                                 Section Info
                  Section       Type    Address   Location Size(Bytes)
                ---------  ---------  ---------  ---------  ---------
                 RES_VECT       code   0x000000    program   0x000004
                   .cinit    romdata   0x000004    program   0x000002
                MAIN_PROG       code   0x000006    program   0x00001c
                VARIAVEIS      udata   0x000020       data   0x000004



                              Program Memory Usage 
                               Start         End      
                           ---------   ---------      
                            0x000000    0x000021      
            34 out of 33048 program addresses used, program memory utilization is 0%



                              Symbols - Sorted by Name
                     Name    Address   Location    Storage File                     
                ---------  ---------  ---------  --------- ---------                
                    START   0x000006    program     static /home/gabriel/MPLABXProjects/Atv01_Q03.X/Atv01_Q03.asm
                     LNUM   0x000021       data     static /home/gabriel/MPLABXProjects/Atv01_Q03.X/Atv01_Q03.asm
                     MNUM   0x000022       data     static /home/gabriel/MPLABXProjects/Atv01_Q03.X/Atv01_Q03.asm
                      NUM   0x000020       data     static /home/gabriel/MPLABXProjects/Atv01_Q03.X/Atv01_Q03.asm
                   RESULT   0x000023       data     static /home/gabriel/MPLABXProjects/Atv01_Q03.X/Atv01_Q03.asm



                              Symbols - Sorted by Address
                     Name    Address   Location    Storage File                     
                ---------  ---------  ---------  --------- ---------                
                    START   0x000006    program     static /home/gabriel/MPLABXProjects/Atv01_Q03.X/Atv01_Q03.asm
                      NUM   0x000020       data     static /home/gabriel/MPLABXProjects/Atv01_Q03.X/Atv01_Q03.asm
                     LNUM   0x000021       data     static /home/gabriel/MPLABXProjects/Atv01_Q03.X/Atv01_Q03.asm
                     MNUM   0x000022       data     static /home/gabriel/MPLABXProjects/Atv01_Q03.X/Atv01_Q03.asm
                   RESULT   0x000023       data     static /home/gabriel/MPLABXProjects/Atv01_Q03.X/Atv01_Q03.asm


