MPLINK 5.09, LINKER
Linker Map File - Created Sun May  5 21:06:16 2019

                                 Section Info
                  Section       Type    Address   Location Size(Bytes)
                ---------  ---------  ---------  ---------  ---------
                 RES_VECT       code   0x000000    program   0x000004
                   .cinit    romdata   0x000004    program   0x000002
                MAIN_PROG       code   0x000006    program   0x000048
.config_300000_BUILD/DEFAULT/PRODUCTION/ATV01_P    romdata   0x300000    program   0x000001
.config_300001_BUILD/DEFAULT/PRODUCTION/ATV01_P    romdata   0x300001    program   0x000001
.config_300002_BUILD/DEFAULT/PRODUCTION/ATV01_P    romdata   0x300002    program   0x000001
.config_300003_BUILD/DEFAULT/PRODUCTION/ATV01_P    romdata   0x300003    program   0x000001
.config_300005_BUILD/DEFAULT/PRODUCTION/ATV01_P    romdata   0x300005    program   0x000001
.config_300006_BUILD/DEFAULT/PRODUCTION/ATV01_P    romdata   0x300006    program   0x000001
.config_300008_BUILD/DEFAULT/PRODUCTION/ATV01_P    romdata   0x300008    program   0x000001
.config_300009_BUILD/DEFAULT/PRODUCTION/ATV01_P    romdata   0x300009    program   0x000001
.config_30000A_BUILD/DEFAULT/PRODUCTION/ATV01_P    romdata   0x30000a    program   0x000001
.config_30000B_BUILD/DEFAULT/PRODUCTION/ATV01_P    romdata   0x30000b    program   0x000001
.config_30000C_BUILD/DEFAULT/PRODUCTION/ATV01_P    romdata   0x30000c    program   0x000001
.config_30000D_BUILD/DEFAULT/PRODUCTION/ATV01_P    romdata   0x30000d    program   0x000001



                              Program Memory Usage 
                               Start         End      
                           ---------   ---------      
                            0x000000    0x00004d      
                            0x300000    0x300003      
                            0x300005    0x300006      
                            0x300008    0x30000d      
            90 out of 33048 program addresses used, program memory utilization is 0%



                              Symbols - Sorted by Name
                     Name    Address   Location    Storage File                     
                ---------  ---------  ---------  --------- ---------                
                   COMECO   0x000010    program     static /home/gabriel/MPLABXProjects/Atv01_P02_Projeto.X/Atv01_P02_Projeto.asm
                    LOOP1   0x000046    program     static /home/gabriel/MPLABXProjects/Atv01_P02_Projeto.X/Atv01_P02_Projeto.asm
                    ONDA1   0x00001a    program     static /home/gabriel/MPLABXProjects/Atv01_P02_Projeto.X/Atv01_P02_Projeto.asm
                    ONDA2   0x000026    program     static /home/gabriel/MPLABXProjects/Atv01_P02_Projeto.X/Atv01_P02_Projeto.asm
                    ONDA3   0x000036    program     static /home/gabriel/MPLABXProjects/Atv01_P02_Projeto.X/Atv01_P02_Projeto.asm
                   PONTO1   0x000012    program     static /home/gabriel/MPLABXProjects/Atv01_P02_Projeto.X/Atv01_P02_Projeto.asm
                   PONTO2   0x000016    program     static /home/gabriel/MPLABXProjects/Atv01_P02_Projeto.X/Atv01_P02_Projeto.asm
                    START   0x000006    program     static /home/gabriel/MPLABXProjects/Atv01_P02_Projeto.X/Atv01_P02_Projeto.asm
                     TIME   0x000042    program     static /home/gabriel/MPLABXProjects/Atv01_P02_Projeto.X/Atv01_P02_Projeto.asm



                              Symbols - Sorted by Address
                     Name    Address   Location    Storage File                     
                ---------  ---------  ---------  --------- ---------                
                    START   0x000006    program     static /home/gabriel/MPLABXProjects/Atv01_P02_Projeto.X/Atv01_P02_Projeto.asm
                   COMECO   0x000010    program     static /home/gabriel/MPLABXProjects/Atv01_P02_Projeto.X/Atv01_P02_Projeto.asm
                   PONTO1   0x000012    program     static /home/gabriel/MPLABXProjects/Atv01_P02_Projeto.X/Atv01_P02_Projeto.asm
                   PONTO2   0x000016    program     static /home/gabriel/MPLABXProjects/Atv01_P02_Projeto.X/Atv01_P02_Projeto.asm
                    ONDA1   0x00001a    program     static /home/gabriel/MPLABXProjects/Atv01_P02_Projeto.X/Atv01_P02_Projeto.asm
                    ONDA2   0x000026    program     static /home/gabriel/MPLABXProjects/Atv01_P02_Projeto.X/Atv01_P02_Projeto.asm
                    ONDA3   0x000036    program     static /home/gabriel/MPLABXProjects/Atv01_P02_Projeto.X/Atv01_P02_Projeto.asm
                     TIME   0x000042    program     static /home/gabriel/MPLABXProjects/Atv01_P02_Projeto.X/Atv01_P02_Projeto.asm
                    LOOP1   0x000046    program     static /home/gabriel/MPLABXProjects/Atv01_P02_Projeto.X/Atv01_P02_Projeto.asm


