MPLINK 5.08, LINKER
Linker Map File - Created Sat May 18 19:01:02 2019

                                 Section Info
                  Section       Type    Address   Location Size(Bytes)
                ---------  ---------  ---------  ---------  ---------
                 RES_VECT       code   0x000000    program   0x000004
                   .cinit    romdata   0x000004    program   0x000002
                MAIN_PROG       code   0x000006    program   0x0000d6
.config_300000_BUILD/DEFAULT/PRODUCTION/CRONUS.    romdata   0x300000    program   0x000001
.config_300001_BUILD/DEFAULT/PRODUCTION/CRONUS.    romdata   0x300001    program   0x000001
.config_300002_BUILD/DEFAULT/PRODUCTION/CRONUS.    romdata   0x300002    program   0x000001
.config_300003_BUILD/DEFAULT/PRODUCTION/CRONUS.    romdata   0x300003    program   0x000001
.config_300005_BUILD/DEFAULT/PRODUCTION/CRONUS.    romdata   0x300005    program   0x000001
.config_300006_BUILD/DEFAULT/PRODUCTION/CRONUS.    romdata   0x300006    program   0x000001
.config_300008_BUILD/DEFAULT/PRODUCTION/CRONUS.    romdata   0x300008    program   0x000001
.config_300009_BUILD/DEFAULT/PRODUCTION/CRONUS.    romdata   0x300009    program   0x000001
.config_30000A_BUILD/DEFAULT/PRODUCTION/CRONUS.    romdata   0x30000a    program   0x000001
.config_30000B_BUILD/DEFAULT/PRODUCTION/CRONUS.    romdata   0x30000b    program   0x000001
.config_30000C_BUILD/DEFAULT/PRODUCTION/CRONUS.    romdata   0x30000c    program   0x000001
.config_30000D_BUILD/DEFAULT/PRODUCTION/CRONUS.    romdata   0x30000d    program   0x000001
                      var      udata   0x000020       data   0x000003



                              Program Memory Usage 
                               Start         End      
                           ---------   ---------      
                            0x000000    0x0000db      
                            0x300000    0x300003      
                            0x300005    0x300006      
                            0x300008    0x30000d      
            232 out of 33048 program addresses used, program memory utilization is 0%



                              Symbols - Sorted by Name
                     Name    Address   Location    Storage File                     
                ---------  ---------  ---------  --------- ---------                
             ATRASO_100ms   0x00008e    program     static C:\Users\skyll\MPLABXProjects\Cronos_regre.X\cronus.asm
                ATRASO_1m   0x00006e    program     static C:\Users\skyll\MPLABXProjects\Cronos_regre.X\cronus.asm
               ATRASO_1ms   0x00009a    program     static C:\Users\skyll\MPLABXProjects\Cronos_regre.X\cronus.asm
                ATRASO_1s   0x00007a    program     static C:\Users\skyll\MPLABXProjects\Cronos_regre.X\cronus.asm
                   BUZZER   0x000034    program     static C:\Users\skyll\MPLABXProjects\Cronos_regre.X\cronus.asm
                    DAW_S   0x0000ae    program     static C:\Users\skyll\MPLABXProjects\Cronos_regre.X\cronus.asm
                       L1   0x00007e    program     static C:\Users\skyll\MPLABXProjects\Cronos_regre.X\cronus.asm
                       L2   0x00004c    program     static C:\Users\skyll\MPLABXProjects\Cronos_regre.X\cronus.asm
                       L3   0x000038    program     static C:\Users\skyll\MPLABXProjects\Cronos_regre.X\cronus.asm
                    LOOP2   0x00009e    program     static C:\Users\skyll\MPLABXProjects\Cronos_regre.X\cronus.asm
                   LOOP22   0x000092    program     static C:\Users\skyll\MPLABXProjects\Cronos_regre.X\cronus.asm
                    START   0x000006    program     static C:\Users\skyll\MPLABXProjects\Cronos_regre.X\cronus.asm
                 contagem   0x000022    program     static C:\Users\skyll\MPLABXProjects\Cronos_regre.X\cronus.asm
                       l1   0x0000d4    program     static C:\Users\skyll\MPLABXProjects\Cronos_regre.X\cronus.asm
                       l2   0x0000be    program     static C:\Users\skyll\MPLABXProjects\Cronos_regre.X\cronus.asm
                       l3   0x0000cc    program     static C:\Users\skyll\MPLABXProjects\Cronos_regre.X\cronus.asm
                     loop   0x000014    program     static C:\Users\skyll\MPLABXProjects\Cronos_regre.X\cronus.asm
                      rep   0x000072    program     static C:\Users\skyll\MPLABXProjects\Cronos_regre.X\cronus.asm
                     soma   0x000062    program     static C:\Users\skyll\MPLABXProjects\Cronos_regre.X\cronus.asm
                      aux   0x000020       data     static C:\Users\skyll\MPLABXProjects\Cronos_regre.X\cronus.asm
                  minutos   0x000022       data     static C:\Users\skyll\MPLABXProjects\Cronos_regre.X\cronus.asm



                              Symbols - Sorted by Address
                     Name    Address   Location    Storage File                     
                ---------  ---------  ---------  --------- ---------                
                    START   0x000006    program     static C:\Users\skyll\MPLABXProjects\Cronos_regre.X\cronus.asm
                     loop   0x000014    program     static C:\Users\skyll\MPLABXProjects\Cronos_regre.X\cronus.asm
                 contagem   0x000022    program     static C:\Users\skyll\MPLABXProjects\Cronos_regre.X\cronus.asm
                   BUZZER   0x000034    program     static C:\Users\skyll\MPLABXProjects\Cronos_regre.X\cronus.asm
                       L3   0x000038    program     static C:\Users\skyll\MPLABXProjects\Cronos_regre.X\cronus.asm
                       L2   0x00004c    program     static C:\Users\skyll\MPLABXProjects\Cronos_regre.X\cronus.asm
                     soma   0x000062    program     static C:\Users\skyll\MPLABXProjects\Cronos_regre.X\cronus.asm
                ATRASO_1m   0x00006e    program     static C:\Users\skyll\MPLABXProjects\Cronos_regre.X\cronus.asm
                      rep   0x000072    program     static C:\Users\skyll\MPLABXProjects\Cronos_regre.X\cronus.asm
                ATRASO_1s   0x00007a    program     static C:\Users\skyll\MPLABXProjects\Cronos_regre.X\cronus.asm
                       L1   0x00007e    program     static C:\Users\skyll\MPLABXProjects\Cronos_regre.X\cronus.asm
             ATRASO_100ms   0x00008e    program     static C:\Users\skyll\MPLABXProjects\Cronos_regre.X\cronus.asm
                   LOOP22   0x000092    program     static C:\Users\skyll\MPLABXProjects\Cronos_regre.X\cronus.asm
               ATRASO_1ms   0x00009a    program     static C:\Users\skyll\MPLABXProjects\Cronos_regre.X\cronus.asm
                    LOOP2   0x00009e    program     static C:\Users\skyll\MPLABXProjects\Cronos_regre.X\cronus.asm
                    DAW_S   0x0000ae    program     static C:\Users\skyll\MPLABXProjects\Cronos_regre.X\cronus.asm
                       l2   0x0000be    program     static C:\Users\skyll\MPLABXProjects\Cronos_regre.X\cronus.asm
                       l3   0x0000cc    program     static C:\Users\skyll\MPLABXProjects\Cronos_regre.X\cronus.asm
                       l1   0x0000d4    program     static C:\Users\skyll\MPLABXProjects\Cronos_regre.X\cronus.asm
                      aux   0x000020       data     static C:\Users\skyll\MPLABXProjects\Cronos_regre.X\cronus.asm
                  minutos   0x000022       data     static C:\Users\skyll\MPLABXProjects\Cronos_regre.X\cronus.asm


