MPLINK 5.09, LINKER
Linker Map File - Created Sun May  5 00:35:27 2019

                                 Section Info
                  Section       Type    Address   Location Size(Bytes)
                ---------  ---------  ---------  ---------  ---------
                 RES_VECT       code   0x000000    program   0x000004
                   .cinit    romdata   0x000004    program   0x000002
                MAIN_PROG       code   0x000006    program   0x000026
                variaveis      udata   0x000020       data   0x000006



                              Program Memory Usage 
                               Start         End      
                           ---------   ---------      
                            0x000000    0x00002b      
            44 out of 33048 program addresses used, program memory utilization is 0%



                              Symbols - Sorted by Name
                     Name    Address   Location    Storage File                     
                ---------  ---------  ---------  --------- ---------                
                    START   0x000006    program     static /home/gabriel/MPLABXProjects/Atv01.X/Atv01_Q01.asm
                       N1   0x000020       data     static /home/gabriel/MPLABXProjects/Atv01.X/Atv01_Q01.asm
                       N2   0x000022       data     static /home/gabriel/MPLABXProjects/Atv01.X/Atv01_Q01.asm
                RESULTADO   0x000024       data     static /home/gabriel/MPLABXProjects/Atv01.X/Atv01_Q01.asm



                              Symbols - Sorted by Address
                     Name    Address   Location    Storage File                     
                ---------  ---------  ---------  --------- ---------                
                    START   0x000006    program     static /home/gabriel/MPLABXProjects/Atv01.X/Atv01_Q01.asm
                       N1   0x000020       data     static /home/gabriel/MPLABXProjects/Atv01.X/Atv01_Q01.asm
                       N2   0x000022       data     static /home/gabriel/MPLABXProjects/Atv01.X/Atv01_Q01.asm
                RESULTADO   0x000024       data     static /home/gabriel/MPLABXProjects/Atv01.X/Atv01_Q01.asm


